// Jest Snapshot v1, https://goo.gl/fbAQLP

exports[`Helm Release Resolver Correctly Resolves Helm Release Query 1`] = `"{\\"data\\":{\\"releases\\":[{\\"chartName\\":\\"audit-logging\\",\\"chartVersion\\":\\"99.99.99\\",\\"namespace\\":\\"kube-system\\",\\"status\\":\\"DEPLOYED\\",\\"version\\":1,\\"name\\":\\"audit-logging\\",\\"cluster\\":\\"mycluster-icp\\",\\"lastDeployed\\":\\"1536085446\\"},{\\"chartName\\":\\"auth-apikeys\\",\\"chartVersion\\":\\"99.99.99\\",\\"namespace\\":\\"kube-system\\",\\"status\\":\\"DEPLOYED\\",\\"version\\":1,\\"name\\":\\"auth-apikeys\\",\\"cluster\\":\\"mycluster-icp\\",\\"lastDeployed\\":\\"1536084433\\"},{\\"chartName\\":\\"auth-idp\\",\\"chartVersion\\":\\"99.99.99\\",\\"namespace\\":\\"kube-system\\",\\"status\\":\\"DEPLOYED\\",\\"version\\":1,\\"name\\":\\"auth-idp\\",\\"cluster\\":\\"mycluster-icp\\",\\"lastDeployed\\":\\"1536084428\\"},{\\"chartName\\":\\"auth-pap\\",\\"chartVersion\\":\\"99.99.99\\",\\"namespace\\":\\"kube-system\\",\\"status\\":\\"DEPLOYED\\",\\"version\\":1,\\"name\\":\\"auth-pap\\",\\"cluster\\":\\"mycluster-icp\\",\\"lastDeployed\\":\\"1536084436\\"},{\\"chartName\\":\\"auth-pdp\\",\\"chartVersion\\":\\"99.99.99\\",\\"namespace\\":\\"kube-system\\",\\"status\\":\\"DEPLOYED\\",\\"version\\":1,\\"name\\":\\"auth-pdp\\",\\"cluster\\":\\"mycluster-icp\\",\\"lastDeployed\\":\\"1536084440\\"},{\\"chartName\\":\\"calico\\",\\"chartVersion\\":\\"99.99.99\\",\\"namespace\\":\\"kube-system\\",\\"status\\":\\"DEPLOYED\\",\\"version\\":1,\\"name\\":\\"calico\\",\\"cluster\\":\\"mycluster-icp\\",\\"lastDeployed\\":\\"1536084159\\"},{\\"chartName\\":\\"icp-catalog-chart\\",\\"chartVersion\\":\\"99.99.99\\",\\"namespace\\":\\"kube-system\\",\\"status\\":\\"DEPLOYED\\",\\"version\\":1,\\"name\\":\\"catalog-ui\\",\\"cluster\\":\\"mycluster-icp\\",\\"lastDeployed\\":\\"1536085380\\"},{\\"chartName\\":\\"ibm-cert-manager\\",\\"chartVersion\\":\\"99.99.99\\",\\"namespace\\":\\"cert-manager\\",\\"status\\":\\"DEPLOYED\\",\\"version\\":1,\\"name\\":\\"cert-manager\\",\\"cluster\\":\\"mycluster-icp\\",\\"lastDeployed\\":\\"1536084229\\"},{\\"chartName\\":\\"ibm-custom-metrics-adapter\\",\\"chartVersion\\":\\"99.99.99\\",\\"namespace\\":\\"kube-system\\",\\"status\\":\\"DEPLOYED\\",\\"version\\":1,\\"name\\":\\"custom-metrics-adapter\\",\\"cluster\\":\\"mycluster-icp\\",\\"lastDeployed\\":\\"1536085148\\"},{\\"chartName\\":\\"gbapp\\",\\"chartVersion\\":\\"0.1.0\\",\\"namespace\\":\\"kube-system\\",\\"status\\":\\"DEPLOYED\\",\\"version\\":1,\\"name\\":\\"gbapp\\",\\"cluster\\":\\"mycluster-icp\\",\\"lastDeployed\\":\\"1536162383\\"},{\\"chartName\\":\\"heapster\\",\\"chartVersion\\":\\"99.99.99\\",\\"namespace\\":\\"kube-system\\",\\"status\\":\\"DEPLOYED\\",\\"version\\":1,\\"name\\":\\"heapster\\",\\"cluster\\":\\"mycluster-icp\\",\\"lastDeployed\\":\\"1536085131\\"},{\\"chartName\\":\\"helm-api\\",\\"chartVersion\\":\\"99.99.99\\",\\"namespace\\":\\"kube-system\\",\\"status\\":\\"DEPLOYED\\",\\"version\\":1,\\"name\\":\\"helm-api\\",\\"cluster\\":\\"mycluster-icp\\",\\"lastDeployed\\":\\"1536085385\\"},{\\"chartName\\":\\"helm-repo\\",\\"chartVersion\\":\\"99.99.99\\",\\"namespace\\":\\"kube-system\\",\\"status\\":\\"DEPLOYED\\",\\"version\\":1,\\"name\\":\\"helm-repo\\",\\"cluster\\":\\"mycluster-icp\\",\\"lastDeployed\\":\\"1536085135\\"},{\\"chartName\\":\\"icp-management-ingress\\",\\"chartVersion\\":\\"99.99.99\\",\\"namespace\\":\\"kube-system\\",\\"status\\":\\"DEPLOYED\\",\\"version\\":1,\\"name\\":\\"icp-management-ingress\\",\\"cluster\\":\\"mycluster-icp\\",\\"lastDeployed\\":\\"1536084444\\"},{\\"chartName\\":\\"ibmcloud-image-enforcement\\",\\"chartVersion\\":\\"99.99.99\\",\\"namespace\\":\\"kube-system\\",\\"status\\":\\"DEPLOYED\\",\\"version\\":1,\\"name\\":\\"image-security-enforcement\\",\\"cluster\\":\\"mycluster-icp\\",\\"lastDeployed\\":\\"1536085139\\"},{\\"chartName\\":\\"kube-dns\\",\\"chartVersion\\":\\"99.99.99\\",\\"namespace\\":\\"kube-system\\",\\"status\\":\\"DEPLOYED\\",\\"version\\":1,\\"name\\":\\"kube-dns\\",\\"cluster\\":\\"mycluster-icp\\",\\"lastDeployed\\":\\"1536084163\\"},{\\"chartName\\":\\"gbapp\\",\\"chartVersion\\":\\"0.1.0\\",\\"namespace\\":\\"kube-system\\",\\"status\\":\\"DEPLOYED\\",\\"version\\":1,\\"name\\":\\"kube-system\\",\\"cluster\\":\\"mycluster-icp\\",\\"lastDeployed\\":\\"1536163032\\"},{\\"chartName\\":\\"ibm-icplogging\\",\\"chartVersion\\":\\"2.0.0\\",\\"namespace\\":\\"kube-system\\",\\"status\\":\\"DEPLOYED\\",\\"version\\":1,\\"name\\":\\"logging\\",\\"cluster\\":\\"mycluster-icp\\",\\"lastDeployed\\":\\"1536085156\\"},{\\"chartName\\":\\"mariadb\\",\\"chartVersion\\":\\"99.99.99\\",\\"namespace\\":\\"kube-system\\",\\"status\\":\\"DEPLOYED\\",\\"version\\":1,\\"name\\":\\"mariadb\\",\\"cluster\\":\\"mycluster-icp\\",\\"lastDeployed\\":\\"1536084289\\"},{\\"chartName\\":\\"ibm-mcm-controller\\",\\"chartVersion\\":\\"3.1.0\\",\\"namespace\\":\\"kube-system\\",\\"status\\":\\"DEPLOYED\\",\\"version\\":1,\\"name\\":\\"mcm\\",\\"cluster\\":\\"mycluster-icp\\",\\"lastDeployed\\":\\"1536161718\\"},{\\"chartName\\":\\"gbf\\",\\"chartVersion\\":\\"0.1.0\\",\\"namespace\\":\\"default\\",\\"status\\":\\"DEPLOYED\\",\\"version\\":1,\\"name\\":\\"md-gbapp-gbapp-mycluster-icp\\",\\"cluster\\":\\"mycluster-icp\\",\\"lastDeployed\\":\\"1536165889\\"},{\\"chartName\\":\\"gbrm\\",\\"chartVersion\\":\\"0.1.0\\",\\"namespace\\":\\"default\\",\\"status\\":\\"DEPLOYED\\",\\"version\\":1,\\"name\\":\\"md-gbapp-gbapp-redismaster-mycluster-icp\\",\\"cluster\\":\\"mycluster-icp\\",\\"lastDeployed\\":\\"1536165885\\"},{\\"chartName\\":\\"gbrs\\",\\"chartVersion\\":\\"0.1.0\\",\\"namespace\\":\\"default\\",\\"status\\":\\"DEPLOYED\\",\\"version\\":1,\\"name\\":\\"md-gbapp-gbapp-redisslave-mycluster-icp\\",\\"cluster\\":\\"mycluster-icp\\",\\"lastDeployed\\":\\"1536165886\\"},{\\"chartName\\":\\"gbf\\",\\"chartVersion\\":\\"0.1.0\\",\\"namespace\\":\\"default\\",\\"status\\":\\"DEPLOYED\\",\\"version\\":1,\\"name\\":\\"md-kube-system-gbapp-mycluster-icp\\",\\"cluster\\":\\"mycluster-icp\\",\\"lastDeployed\\":\\"1536163045\\"},{\\"chartName\\":\\"metering\\",\\"chartVersion\\":\\"99.99.99\\",\\"namespace\\":\\"kube-system\\",\\"status\\":\\"DEPLOYED\\",\\"version\\":1,\\"name\\":\\"metering\\",\\"cluster\\":\\"mycluster-icp\\",\\"lastDeployed\\":\\"1536085143\\"},{\\"chartName\\":\\"metrics-server\\",\\"chartVersion\\":\\"99.99.99\\",\\"namespace\\":\\"kube-system\\",\\"status\\":\\"DEPLOYED\\",\\"version\\":1,\\"name\\":\\"metrics-server\\",\\"cluster\\":\\"mycluster-icp\\",\\"lastDeployed\\":\\"1536084296\\"},{\\"chartName\\":\\"mgmt-repo\\",\\"chartVersion\\":\\"99.99.99\\",\\"namespace\\":\\"kube-system\\",\\"status\\":\\"DEPLOYED\\",\\"version\\":1,\\"name\\":\\"mgmt-repo\\",\\"cluster\\":\\"mycluster-icp\\",\\"lastDeployed\\":\\"1536085431\\"},{\\"chartName\\":\\"icp-mongodb\\",\\"chartVersion\\":\\"3.0.0\\",\\"namespace\\":\\"kube-system\\",\\"status\\":\\"DEPLOYED\\",\\"version\\":1,\\"name\\":\\"mongodb\\",\\"cluster\\":\\"mycluster-icp\\",\\"lastDeployed\\":\\"1536084245\\"},{\\"chartName\\":\\"ibm-icpmonitoring\\",\\"chartVersion\\":\\"1.2.0\\",\\"namespace\\":\\"kube-system\\",\\"status\\":\\"DEPLOYED\\",\\"version\\":1,\\"name\\":\\"monitoring\\",\\"cluster\\":\\"mycluster-icp\\",\\"lastDeployed\\":\\"1536085374\\"},{\\"chartName\\":\\"nginx-ingress\\",\\"chartVersion\\":\\"99.99.99\\",\\"namespace\\":\\"kube-system\\",\\"status\\":\\"DEPLOYED\\",\\"version\\":1,\\"name\\":\\"nginx-ingress\\",\\"cluster\\":\\"mycluster-icp\\",\\"lastDeployed\\":\\"1536084285\\"},{\\"chartName\\":\\"nvidia-device-plugin\\",\\"chartVersion\\":\\"99.99.99\\",\\"namespace\\":\\"kube-system\\",\\"status\\":\\"DEPLOYED\\",\\"version\\":1,\\"name\\":\\"nvidia-device-plugin\\",\\"cluster\\":\\"mycluster-icp\\",\\"lastDeployed\\":\\"1536084233\\"},{\\"chartName\\":\\"platform-api\\",\\"chartVersion\\":\\"99.99.99\\",\\"namespace\\":\\"kube-system\\",\\"status\\":\\"DEPLOYED\\",\\"version\\":1,\\"name\\":\\"platform-api\\",\\"cluster\\":\\"mycluster-icp\\",\\"lastDeployed\\":\\"1536084292\\"},{\\"chartName\\":\\"platform-ui\\",\\"chartVersion\\":\\"99.99.99\\",\\"namespace\\":\\"kube-system\\",\\"status\\":\\"DEPLOYED\\",\\"version\\":1,\\"name\\":\\"platform-ui\\",\\"cluster\\":\\"mycluster-icp\\",\\"lastDeployed\\":\\"1536085152\\"},{\\"chartName\\":\\"secret-watcher\\",\\"chartVersion\\":\\"99.99.99\\",\\"namespace\\":\\"kube-system\\",\\"status\\":\\"DEPLOYED\\",\\"version\\":1,\\"name\\":\\"secret-watcher\\",\\"cluster\\":\\"mycluster-icp\\",\\"lastDeployed\\":\\"1536085435\\"},{\\"chartName\\":\\"security-onboarding\\",\\"chartVersion\\":\\"99.99.99\\",\\"namespace\\":\\"kube-system\\",\\"status\\":\\"DEPLOYED\\",\\"version\\":1,\\"name\\":\\"security-onboarding\\",\\"cluster\\":\\"mycluster-icp\\",\\"lastDeployed\\":\\"1536085439\\"},{\\"chartName\\":\\"service-catalog\\",\\"chartVersion\\":\\"99.99.99\\",\\"namespace\\":\\"kube-system\\",\\"status\\":\\"DEPLOYED\\",\\"version\\":1,\\"name\\":\\"service-catalog\\",\\"cluster\\":\\"mycluster-icp\\",\\"lastDeployed\\":\\"1536084281\\"},{\\"chartName\\":\\"unified-router\\",\\"chartVersion\\":\\"99.99.99\\",\\"namespace\\":\\"kube-system\\",\\"status\\":\\"DEPLOYED\\",\\"version\\":1,\\"name\\":\\"unified-router\\",\\"cluster\\":\\"mycluster-icp\\",\\"lastDeployed\\":\\"1536085369\\"}]}}"`;
