// Jest Snapshot v1, https://goo.gl/fbAQLP

exports[`Namespace Resolver Correctly Resolves Namespace Query 1`] = `
Object {
  "data": Object {
    "namespaces": Array [
      Object {
        "cluster": "mycluster",
        "createdAt": "2018-08-18T15:50:20Z",
        "name": "cert-manager",
        "status": "Active",
        "uid": "697842dd-a2fe-11e8-8a50-005056a0d11b",
      },
      Object {
        "cluster": "mycluster",
        "createdAt": "2018-08-18T15:50:10Z",
        "name": "default",
        "status": "Active",
        "uid": "637f88cb-a2fe-11e8-8a50-005056a0d11b",
      },
      Object {
        "cluster": "mycluster",
        "createdAt": "2018-08-20T18:25:18Z",
        "name": "hcm",
        "status": "Active",
        "uid": "64218564-a4a6-11e8-8a50-005056a0d11b",
      },
      Object {
        "cluster": "mycluster",
        "createdAt": "2018-08-23T12:35:51Z",
        "name": "hope-this-works",
        "status": "Active",
        "uid": "121d54b9-a6d1-11e8-8a50-005056a0d11b",
      },
      Object {
        "cluster": "mycluster",
        "createdAt": "2018-08-18T15:50:21Z",
        "name": "istio-system",
        "status": "Active",
        "uid": "69eff5d4-a2fe-11e8-8a50-005056a0d11b",
      },
      Object {
        "cluster": "mycluster",
        "createdAt": "2018-08-18T15:50:10Z",
        "name": "kube-public",
        "status": "Active",
        "uid": "6382a56b-a2fe-11e8-8a50-005056a0d11b",
      },
      Object {
        "cluster": "mycluster",
        "createdAt": "2018-08-18T15:50:10Z",
        "name": "kube-system",
        "status": "Active",
        "uid": "63819938-a2fe-11e8-8a50-005056a0d11b",
      },
      Object {
        "cluster": "mycluster",
        "createdAt": "2018-08-27T19:15:07Z",
        "name": "mcm",
        "status": "Active",
        "uid": "829d12e9-aa2d-11e8-8a50-005056a0d11b",
      },
      Object {
        "cluster": "mycluster",
        "createdAt": "2018-08-22T21:31:42Z",
        "name": "mcm-hope-this-works",
        "status": "Active",
        "uid": "c357a6e7-a652-11e8-8a50-005056a0d11b",
      },
      Object {
        "cluster": "mycluster",
        "createdAt": "2018-08-19T00:44:18Z",
        "name": "mcm-icp",
        "status": "Active",
        "uid": "019d2092-a349-11e8-8a50-005056a0d11b",
      },
      Object {
        "cluster": "mycluster",
        "createdAt": "2018-08-19T01:05:26Z",
        "name": "mcm-jpadilla",
        "status": "Active",
        "uid": "f50e2191-a34b-11e8-8a50-005056a0d11b",
      },
      Object {
        "cluster": "mycluster",
        "createdAt": "2018-08-23T12:44:10Z",
        "name": "mcm-mycluster",
        "status": "Active",
        "uid": "3b36c246-a6d2-11e8-8a50-005056a0d11b",
      },
      Object {
        "cluster": "mycluster",
        "createdAt": "2018-08-20T16:56:54Z",
        "name": "mcm-tempcluster1",
        "status": "Active",
        "uid": "0aa521a9-a49a-11e8-8a50-005056a0d11b",
      },
      Object {
        "cluster": "mycluster",
        "createdAt": "2018-08-28T20:58:08Z",
        "name": "mycluster",
        "status": "Active",
        "uid": "10d76128-ab05-11e8-8a50-005056a0d11b",
      },
      Object {
        "cluster": "mycluster",
        "createdAt": "2018-08-18T15:57:31Z",
        "name": "platform",
        "status": "Active",
        "uid": "69d3c789-a2ff-11e8-8a50-005056a0d11b",
      },
      Object {
        "cluster": "mycluster",
        "createdAt": "2018-08-18T16:00:37Z",
        "name": "services",
        "status": "Active",
        "uid": "d8daf334-a2ff-11e8-8a50-005056a0d11b",
      },
    ],
  },
}
`;
