// Jest Snapshot v1, https://goo.gl/fbAQLP

exports[`Policy Resolver Correctly Resolves Policy List Query 1`] = `
Object {
  "data": Object {
    "searchResult": Array [
      Object {
        "count": 100,
        "items": Object {
          "headers": Object {},
          "items": Array [
            Object {
              "cpu": "30%",
              "endpoint": "",
              "kind": "cluster",
              "memory": "20%",
              "name": "mock-cluster",
              "namespace": "mock-mcm-cluster",
              "nodes": 10,
              "status": "ok",
              "storage": "10%",
            },
            Object {
              "cpu": "30%",
              "endpoint": "",
              "kind": "cluster",
              "memory": "20%",
              "name": "mock-cluster-1",
              "namespace": "mock-mcm-cluster",
              "nodes": 10,
              "status": "ok",
              "storage": "10%",
            },
            Object {
              "cpus": 10,
              "kind": "node",
              "name": "mock-1.1.1.0",
              "role": "master",
            },
            Object {
              "cpus": 10,
              "kind": "node",
              "name": "mock-1.1.1.1",
              "role": "master",
            },
            Object {
              "cpus": 10,
              "kind": "node",
              "name": "mock-1.1.1.2",
              "role": "master",
            },
            Object {
              "creationTimestamp": "2018-09-27 16:52:20 -0400 EDT",
              "hostIP": "179.160.35.59",
              "kind": "pod",
              "name": "mock-cluster",
              "namespace": "kube-system",
              "podIP": "179.160.35.59",
              "restarts": 20,
              "status": "Running",
            },
            Object {
              "creationTimestamp": "2018-09-27 16:52:20 -0400 EDT",
              "hostIP": "179.160.35.59",
              "kind": "pod",
              "name": "mock-cluster-1",
              "namespace": "kube-system",
              "podIP": "179.160.35.59",
              "restarts": 20,
              "status": "Running",
            },
            Object {
              "creationTimestamp": "2018-09-27 16:52:20 -0400 EDT",
              "hostIP": "179.160.35.59",
              "kind": "pod",
              "name": "mock-cluster-2",
              "namespace": "kube-system",
              "podIP": "179.160.35.59",
              "restarts": 20,
              "status": "Running",
            },
            Object {
              "creationTimestamp": "2018-09-27 16:52:20 -0400 EDT",
              "hostIP": "179.160.35.59",
              "kind": "pod",
              "name": "mock-cluster-3",
              "namespace": "kube-system",
              "podIP": "179.160.35.59",
              "restarts": 20,
              "status": "Running",
            },
            Object {
              "creationTimestamp": "2018-09-27 16:52:20 -0400 EDT",
              "hostIP": "179.160.35.59",
              "kind": "pod",
              "name": "mock-cluster-4",
              "namespace": "kube-system",
              "podIP": "179.160.35.59",
              "restarts": 20,
              "status": "Running",
            },
          ],
          "relatedResources": Array [
            Object {
              "count": 2,
              "kind": "application",
            },
            Object {
              "count": 3,
              "kind": "cluster",
            },
            Object {
              "count": 10,
              "kind": "deployment",
            },
            Object {
              "count": 200,
              "kind": "pod",
            },
          ],
        },
        "related": Array [
          Object {
            "count": 5,
            "kind": "cluster",
          },
          Object {
            "count": 3,
            "kind": "application",
          },
        ],
      },
    ],
  },
}
`;
